Circuit: * Z:\home\hazen\work\transistor-clock\Spice\counter_div60.asc

Warning: Multiple definitions of model "2scr375p" Type: BJT
Warning: Multiple definitions of model "bc857b" Type: BJT
Warning: Multiple definitions of model "bc847c" Type: BJT
Warning: Multiple definitions of model "bc847b" Type: BJT
Direct Newton iteration for .op point succeeded.

Date: Thu Feb 26 15:14:30 2026
Total elapsed time: 1.150 seconds.

tnom = 27
temp = 27
method = modified trap
totiter = 42984
traniter = 42970
tranpoints = 17354
accept = 13374
rejected = 3980
matrix size = 194
fillins = 194
solver = Normal
Thread vector: 20.5/14.3[3] 9.3/5.3[3] 2.4/3.5[1] 2.1/4.0[1]  2592/500
Matrix Compiler1: 26.67 KB object code size  7.2/3.7/[2.9]
Matrix Compiler2: 21.22 KB object code size  2.6/3.9/[2.6]

