Circuit: * Z:\home\hazen\work\transistor-clock\Spice\counter_div6.asc

Warning: Multiple definitions of model "2scr375p" Type: BJT
Warning: Multiple definitions of model "bc857b" Type: BJT
Warning: Multiple definitions of model "bc847c" Type: BJT
Warning: Multiple definitions of model "bc847b" Type: BJT
Direct Newton iteration for .op point succeeded.

Date: Thu Feb 26 14:31:02 2026
Total elapsed time: 0.577 seconds.

tnom = 27
temp = 27
method = modified trap
totiter = 36194
traniter = 36168
tranpoints = 13673
accept = 10273
rejected = 3400
matrix size = 90
fillins = 80
solver = Normal
Matrix Compiler1: 11.10 KB object code size  4.5/2.0/[1.0]
Matrix Compiler2: 9.44 KB object code size  1.3/1.6/[0.9]

