Circuit: * Z:\home\hazen\work\transistor-clock\Spice\counter_mod.asc

Warning: Multiple definitions of model "2scr375p" Type: BJT
Warning: Multiple definitions of model "bc857b" Type: BJT
Warning: Multiple definitions of model "bc847c" Type: BJT
Warning: Multiple definitions of model "bc847b" Type: BJT
Direct Newton iteration for .op point succeeded.

Date: Thu Feb 26 14:50:25 2026
Total elapsed time: 0.895 seconds.

tnom = 27
temp = 27
method = modified trap
totiter = 54689
traniter = 54675
tranpoints = 19288
accept = 13920
rejected = 5368
matrix size = 110
fillins = 104
solver = Normal
Thread vector: 10.9/9.3[2] 4.8/7.0[1] 1.2/4.5[1] 0.9/3.5[1]  2592/500
Matrix Compiler1: 14.02 KB object code size  5.2/2.1/[1.2]
Matrix Compiler2: 11.69 KB object code size  1.5/1.8/[1.3]

